0 verbose cli /usr/local/bin/node /usr/local/bin/npm
1 info using npm@10.8.2
2 info using node@v20.19.4
3 silly config load:file:/usr/local/lib/node_modules/npm/npmrc
4 silly config load:file:/home/runner/work/PsychoNoir-Kontrapunkt/PsychoNoir-Kontrapunkt/.npmrc
5 silly config load:file:/home/runner/.npmrc
6 silly config load:file:/usr/local/etc/npmrc
7 verbose title npm install
8 verbose argv "install"
9 verbose logfile logs-max:10 dir:/home/runner/work/PsychoNoir-Kontrapunkt/PsychoNoir-Kontrapunkt/C:\Users\eldno\.npm/_logs/2025-08-20T21_16_47_956Z-
10 verbose logfile /home/runner/work/PsychoNoir-Kontrapunkt/PsychoNoir-Kontrapunkt/C:\Users\eldno\.npm/_logs/2025-08-20T21_16_47_956Z-debug-0.log
11 silly packumentCache heap:4345298944 maxSize:1086324736 maxEntrySize:543162368
12 silly logfile done cleaning log files
13 silly idealTree buildDeps
14 silly fetch manifest ansi-escapes@7.0.0
15 silly packumentCache full:https://registry.npmjs.org/ansi-escapes cache-miss
16 verbose shrinkwrap failed to load node_modules/.package-lock.json out of date, updated: node_modules
17 http fetch GET 200 https://registry.npmjs.org/ansi-escapes 359ms (cache miss)
18 silly packumentCache full:https://registry.npmjs.org/ansi-escapes set size:undefined disposed:false
19 silly fetch manifest ansi-regex@6.0.1
20 silly packumentCache full:https://registry.npmjs.org/ansi-regex cache-miss
21 http fetch GET 200 https://registry.npmjs.org/ansi-regex 73ms (cache miss)
22 silly packumentCache full:https://registry.npmjs.org/ansi-regex set size:undefined disposed:false
23 silly fetch manifest ansi-styles@6.2.1
24 silly packumentCache full:https://registry.npmjs.org/ansi-styles cache-miss
25 http fetch GET 200 https://registry.npmjs.org/ansi-styles 71ms (cache miss)
26 silly packumentCache full:https://registry.npmjs.org/ansi-styles set size:undefined disposed:false
27 silly fetch manifest argparse@2.0.1
28 silly packumentCache full:https://registry.npmjs.org/argparse cache-miss
29 http fetch GET 200 https://registry.npmjs.org/argparse 77ms (cache miss)
30 silly packumentCache full:https://registry.npmjs.org/argparse set size:undefined disposed:false
31 silly fetch manifest babel-plugin-istanbul@6.0.0
32 silly packumentCache full:https://registry.npmjs.org/babel-plugin-istanbul cache-miss
33 http fetch GET 200 https://registry.npmjs.org/babel-plugin-istanbul 76ms (cache miss)
34 silly packumentCache full:https://registry.npmjs.org/babel-plugin-istanbul set size:undefined disposed:false
35 silly fetch manifest cjs-module-lexer@2.1.0
36 silly packumentCache full:https://registry.npmjs.org/cjs-module-lexer cache-miss
37 http fetch GET 200 https://registry.npmjs.org/cjs-module-lexer 73ms (cache miss)
38 silly packumentCache full:https://registry.npmjs.org/cjs-module-lexer set size:undefined disposed:false
39 silly fetch manifest lru-cache@10.3.0
40 silly packumentCache full:https://registry.npmjs.org/lru-cache cache-miss
41 http fetch GET 200 https://registry.npmjs.org/lru-cache 83ms (cache miss)
42 silly packumentCache full:https://registry.npmjs.org/lru-cache set size:undefined disposed:false
43 silly fetch manifest semver@7.6.2
44 silly packumentCache full:https://registry.npmjs.org/semver cache-miss
45 http fetch GET 200 https://registry.npmjs.org/semver 69ms (cache miss)
46 silly packumentCache full:https://registry.npmjs.org/semver set size:undefined disposed:false
47 silly fetch manifest source-map@0.7.4
48 silly packumentCache full:https://registry.npmjs.org/source-map cache-miss
49 http fetch GET 200 https://registry.npmjs.org/source-map 85ms (cache miss)
50 silly packumentCache full:https://registry.npmjs.org/source-map set size:undefined disposed:false
51 silly fetch manifest source-map-support@0.5.21
52 silly packumentCache full:https://registry.npmjs.org/source-map-support cache-miss
53 http fetch GET 200 https://registry.npmjs.org/source-map-support 87ms (cache miss)
54 silly packumentCache full:https://registry.npmjs.org/source-map-support set size:undefined disposed:false
55 silly placeDep ROOT ansi-escapes@7.0.0 REPLACE for: laere-html-helper@1.0.0 want: 7.0.0
56 silly placeDep ROOT ansi-regex@6.0.1 REPLACE for: laere-html-helper@1.0.0 want: 6.0.1
57 silly placeDep ROOT ansi-styles@6.2.1 REPLACE for: laere-html-helper@1.0.0 want: 6.2.1
58 silly placeDep ROOT argparse@2.0.1 REPLACE for: laere-html-helper@1.0.0 want: 2.0.1
59 silly placeDep ROOT babel-plugin-istanbul@6.0.0 REPLACE for: laere-html-helper@1.0.0 want: 6.0.0
60 silly placeDep ROOT cjs-module-lexer@2.1.0 REPLACE for: laere-html-helper@1.0.0 want: 2.1.0
61 silly placeDep ROOT lru-cache@10.3.0 REPLACE for: laere-html-helper@1.0.0 want: 10.3.0
62 silly placeDep ROOT semver@7.6.2 REPLACE for: laere-html-helper@1.0.0 want: 7.6.2
63 silly placeDep ROOT source-map@0.7.4 REPLACE for: laere-html-helper@1.0.0 want: 0.7.4
64 silly placeDep ROOT source-map-support@0.5.21 REPLACE for: laere-html-helper@1.0.0 want: 0.5.21
65 silly fetch manifest environment@^1.0.0
66 silly packumentCache full:https://registry.npmjs.org/environment cache-miss
67 silly fetch manifest istanbul-lib-instrument@^4.0.0
68 silly packumentCache full:https://registry.npmjs.org/istanbul-lib-instrument cache-miss
69 silly fetch manifest source-map@^0.6.0
70 silly packumentCache full:https://registry.npmjs.org/source-map cache-miss
71 http fetch GET 200 https://registry.npmjs.org/source-map 15ms (cache hit)
72 silly packumentCache full:https://registry.npmjs.org/source-map set size:226090 disposed:false
73 http fetch GET 200 https://registry.npmjs.org/environment 105ms (cache miss)
74 silly packumentCache full:https://registry.npmjs.org/environment set size:undefined disposed:false
75 http fetch GET 200 https://registry.npmjs.org/istanbul-lib-instrument 137ms (cache miss)
76 silly packumentCache full:https://registry.npmjs.org/istanbul-lib-instrument set size:undefined disposed:false
77 silly fetch manifest semver@^6.3.1
78 silly packumentCache full:https://registry.npmjs.org/semver cache-miss
79 http fetch GET 200 https://registry.npmjs.org/semver 4ms (cache hit)
80 silly packumentCache full:https://registry.npmjs.org/semver set size:224186 disposed:false
81 silly placeDep node_modules/@babel/core semver@6.3.1 OK for: @babel/core@7.27.1 want: ^6.3.1
82 silly fetch manifest lru-cache@^5.1.1
83 silly packumentCache full:https://registry.npmjs.org/lru-cache cache-miss
84 http fetch GET 200 https://registry.npmjs.org/lru-cache 3ms (cache hit)
85 silly packumentCache full:https://registry.npmjs.org/lru-cache set size:391063 disposed:false
86 silly placeDep node_modules/@babel/helper-compilation-targets lru-cache@5.1.1 OK for: @babel/helper-compilation-targets@7.27.2 want: ^5.1.1
87 silly placeDep node_modules/@babel/helper-compilation-targets semver@6.3.1 OK for: @babel/helper-compilation-targets@7.27.2 want: ^6.3.1
88 silly fetch manifest ansi-escapes@^4.2.1
89 silly packumentCache full:https://registry.npmjs.org/ansi-escapes cache-miss
90 http fetch GET 200 https://registry.npmjs.org/ansi-escapes 2ms (cache hit)
91 silly packumentCache full:https://registry.npmjs.org/ansi-escapes set size:61494 disposed:false
92 silly placeDep node_modules/@jest/core ansi-escapes@4.3.2 OK for: @jest/core@29.7.0 want: ^4.2.1
93 silly fetch manifest babel-plugin-istanbul@^6.1.1
94 silly packumentCache full:https://registry.npmjs.org/babel-plugin-istanbul cache-miss
95 http fetch GET 200 https://registry.npmjs.org/babel-plugin-istanbul 2ms (cache hit)
96 silly packumentCache full:https://registry.npmjs.org/babel-plugin-istanbul set size:142395 disposed:false
97 silly placeDep node_modules/@jest/transform babel-plugin-istanbul@6.1.1 OK for: @jest/transform@29.7.0 want: ^6.1.1
98 silly fetch manifest istanbul-lib-instrument@^5.0.4
99 silly packumentCache full:https://registry.npmjs.org/istanbul-lib-instrument cache-miss
100 http fetch GET 200 https://registry.npmjs.org/istanbul-lib-instrument 3ms (cache hit)
101 silly packumentCache full:https://registry.npmjs.org/istanbul-lib-instrument set size:219175 disposed:false
102 silly placeDep ROOT environment@1.1.0 OK for: ansi-escapes@7.0.0 want: ^1.0.0
103 silly placeDep node_modules/babel-jest babel-plugin-istanbul@6.1.1 OK for: babel-jest@29.7.0 want: ^6.1.1
104 silly placeDep node_modules/babel-plugin-istanbul istanbul-lib-instrument@4.0.3 OK for: babel-plugin-istanbul@6.0.0 want: ^4.0.0
105 silly fetch manifest semver@^6.3.0
106 silly packumentCache full:https://registry.npmjs.org/semver cache-hit
107 silly fetch manifest ansi-styles@^4.1.0
108 silly packumentCache full:https://registry.npmjs.org/ansi-styles cache-miss
109 http fetch GET 200 https://registry.npmjs.org/ansi-styles 2ms (cache hit)
110 silly packumentCache full:https://registry.npmjs.org/ansi-styles set size:66356 disposed:false
111 silly placeDep node_modules/chalk ansi-styles@4.3.0 OK for: chalk@4.1.2 want: ^4.1.0
112 silly fetch manifest source-map@^0.6.1
113 silly packumentCache full:https://registry.npmjs.org/source-map cache-hit
114 silly placeDep node_modules/istanbul-lib-source-maps source-map@0.6.1 OK for: istanbul-lib-source-maps@4.0.1 want: ^0.6.1
115 silly fetch manifest source-map-support@0.5.13
116 silly packumentCache full:https://registry.npmjs.org/source-map-support cache-miss
117 http fetch GET 200 https://registry.npmjs.org/source-map-support 2ms (cache hit)
118 silly packumentCache full:https://registry.npmjs.org/source-map-support set size:125488 disposed:false
119 silly placeDep node_modules/jest-runner source-map-support@0.5.13 OK for: jest-runner@29.7.0 want: 0.5.13
120 silly fetch manifest cjs-module-lexer@^1.0.0
121 silly packumentCache full:https://registry.npmjs.org/cjs-module-lexer cache-miss
122 http fetch GET 200 https://registry.npmjs.org/cjs-module-lexer 3ms (cache hit)
123 silly packumentCache full:https://registry.npmjs.org/cjs-module-lexer set size:142237 disposed:false
124 silly placeDep node_modules/jest-runtime cjs-module-lexer@1.4.3 OK for: jest-runtime@29.7.0 want: ^1.0.0
125 silly placeDep node_modules/jest-watcher ansi-escapes@4.3.2 OK for: jest-watcher@29.7.0 want: ^4.2.1
126 silly fetch manifest argparse@^1.0.7
127 silly packumentCache full:https://registry.npmjs.org/argparse cache-miss
128 http fetch GET 200 https://registry.npmjs.org/argparse 4ms (cache hit)
129 silly packumentCache full:https://registry.npmjs.org/argparse set size:49266 disposed:false
130 silly placeDep node_modules/js-yaml argparse@1.0.10 OK for: js-yaml@3.14.1 want: ^1.0.7
131 silly placeDep node_modules/source-map-support source-map@0.6.1 OK for: source-map-support@0.5.21 want: ^0.6.0
132 silly fetch manifest ansi-regex@^5.0.1
133 silly packumentCache full:https://registry.npmjs.org/ansi-regex cache-miss
134 http fetch GET 200 https://registry.npmjs.org/ansi-regex 2ms (cache hit)
135 silly packumentCache full:https://registry.npmjs.org/ansi-regex set size:44174 disposed:false
136 silly placeDep node_modules/strip-ansi ansi-regex@5.0.1 OK for: strip-ansi@6.0.1 want: ^5.0.1
137 silly fetch manifest ansi-styles@^4.0.0
138 silly packumentCache full:https://registry.npmjs.org/ansi-styles cache-hit
139 silly placeDep node_modules/wrap-ansi ansi-styles@4.3.0 OK for: wrap-ansi@7.0.0 want: ^4.0.0
140 silly placeDep node_modules/@jest/transform istanbul-lib-instrument@5.2.1 OK for: babel-plugin-istanbul@6.1.1 want: ^5.0.4
141 silly placeDep node_modules/@jest/transform semver@6.3.1 OK for: istanbul-lib-instrument@5.2.1 want: ^6.3.0
142 silly placeDep node_modules/babel-jest istanbul-lib-instrument@5.2.1 OK for: babel-plugin-istanbul@6.1.1 want: ^5.0.4
143 silly placeDep node_modules/babel-jest semver@6.3.1 OK for: istanbul-lib-instrument@5.2.1 want: ^6.3.0
144 silly placeDep node_modules/babel-plugin-istanbul semver@6.3.1 OK for: istanbul-lib-instrument@4.0.3 want: ^6.3.0
145 silly placeDep node_modules/jest-runner source-map@0.6.1 OK for: source-map-support@0.5.13 want: ^0.6.0
146 silly reify mark retired [
146 silly reify   '/home/runner/work/PsychoNoir-Kontrapunkt/PsychoNoir-Kontrapunkt/node_modules/ansi-regex'
146 silly reify ]
147 silly reify mark retired [
147 silly reify   '/home/runner/work/PsychoNoir-Kontrapunkt/PsychoNoir-Kontrapunkt/node_modules/ansi-escapes'
147 silly reify ]
148 silly reify mark retired [
148 silly reify   '/home/runner/work/PsychoNoir-Kontrapunkt/PsychoNoir-Kontrapunkt/node_modules/ansi-styles'
148 silly reify ]
149 silly reify mark retired [
149 silly reify   '/home/runner/work/PsychoNoir-Kontrapunkt/PsychoNoir-Kontrapunkt/node_modules/argparse'
149 silly reify ]
150 silly reify mark retired [
150 silly reify   '/home/runner/work/PsychoNoir-Kontrapunkt/PsychoNoir-Kontrapunkt/node_modules/babel-plugin-istanbul'
150 silly reify ]
151 silly reify mark retired [
151 silly reify   '/home/runner/work/PsychoNoir-Kontrapunkt/PsychoNoir-Kontrapunkt/node_modules/cjs-module-lexer'
151 silly reify ]
152 silly reify mark retired [
152 silly reify   '/home/runner/work/PsychoNoir-Kontrapunkt/PsychoNoir-Kontrapunkt/node_modules/jest',
152 silly reify   '/home/runner/work/PsychoNoir-Kontrapunkt/PsychoNoir-Kontrapunkt/node_modules/.bin/jest'
152 silly reify ]
153 silly reify mark retired [
153 silly reify   '/home/runner/work/PsychoNoir-Kontrapunkt/PsychoNoir-Kontrapunkt/node_modules/jest-cli',
153 silly reify   '/home/runner/work/PsychoNoir-Kontrapunkt/PsychoNoir-Kontrapunkt/node_modules/.bin/jest'
153 silly reify ]
154 silly reify mark retired [
154 silly reify   '/home/runner/work/PsychoNoir-Kontrapunkt/PsychoNoir-Kontrapunkt/node_modules/lru-cache'
154 silly reify ]
155 silly reify mark retired [
155 silly reify   '/home/runner/work/PsychoNoir-Kontrapunkt/PsychoNoir-Kontrapunkt/node_modules/semver',
155 silly reify   '/home/runner/work/PsychoNoir-Kontrapunkt/PsychoNoir-Kontrapunkt/node_modules/.bin/semver'
155 silly reify ]
156 silly reify mark retired [
156 silly reify   '/home/runner/work/PsychoNoir-Kontrapunkt/PsychoNoir-Kontrapunkt/node_modules/source-map'
156 silly reify ]
157 silly reify mark retired [
157 silly reify   '/home/runner/work/PsychoNoir-Kontrapunkt/PsychoNoir-Kontrapunkt/node_modules/source-map-support'
157 silly reify ]
158 silly reify moves {
158 silly reify   '/home/runner/work/PsychoNoir-Kontrapunkt/PsychoNoir-Kontrapunkt/node_modules/ansi-regex': '/home/runner/work/PsychoNoir-Kontrapunkt/PsychoNoir-Kontrapunkt/node_modules/.ansi-regex-X1KlgyFu',
158 silly reify   '/home/runner/work/PsychoNoir-Kontrapunkt/PsychoNoir-Kontrapunkt/node_modules/ansi-escapes': '/home/runner/work/PsychoNoir-Kontrapunkt/PsychoNoir-Kontrapunkt/node_modules/.ansi-escapes-cxzlnKLQ',
158 silly reify   '/home/runner/work/PsychoNoir-Kontrapunkt/PsychoNoir-Kontrapunkt/node_modules/ansi-styles': '/home/runner/work/PsychoNoir-Kontrapunkt/PsychoNoir-Kontrapunkt/node_modules/.ansi-styles-RVbZb9eL',
158 silly reify   '/home/runner/work/PsychoNoir-Kontrapunkt/PsychoNoir-Kontrapunkt/node_modules/argparse': '/home/runner/work/PsychoNoir-Kontrapunkt/PsychoNoir-Kontrapunkt/node_modules/.argparse-ReTjZode',
158 silly reify   '/home/runner/work/PsychoNoir-Kontrapunkt/PsychoNoir-Kontrapunkt/node_modules/babel-plugin-istanbul': '/home/runner/work/PsychoNoir-Kontrapunkt/PsychoNoir-Kontrapunkt/node_modules/.babel-plugin-istanbul-EmTwekjO',
158 silly reify   '/home/runner/work/PsychoNoir-Kontrapunkt/PsychoNoir-Kontrapunkt/node_modules/cjs-module-lexer': '/home/runner/work/PsychoNoir-Kontrapunkt/PsychoNoir-Kontrapunkt/node_modules/.cjs-module-lexer-wcLLoadI',
158 silly reify   '/home/runner/work/PsychoNoir-Kontrapunkt/PsychoNoir-Kontrapunkt/node_modules/jest': '/home/runner/work/PsychoNoir-Kontrapunkt/PsychoNoir-Kontrapunkt/node_modules/.jest-qmoCY1Uq',
158 silly reify   '/home/runner/work/PsychoNoir-Kontrapunkt/PsychoNoir-Kontrapunkt/node_modules/.bin/jest': '/home/runner/work/PsychoNoir-Kontrapunkt/PsychoNoir-Kontrapunkt/node_modules/.bin/.jest-Qiff1ufl',
158 silly reify   '/home/runner/work/PsychoNoir-Kontrapunkt/PsychoNoir-Kontrapunkt/node_modules/jest-cli': '/home/runner/work/PsychoNoir-Kontrapunkt/PsychoNoir-Kontrapunkt/node_modules/.jest-cli-F4HlPwNO',
158 silly reify   '/home/runner/work/PsychoNoir-Kontrapunkt/PsychoNoir-Kontrapunkt/node_modules/lru-cache': '/home/runner/work/PsychoNoir-Kontrapunkt/PsychoNoir-Kontrapunkt/node_modules/.lru-cache-g3lIMxCq',
158 silly reify   '/home/runner/work/PsychoNoir-Kontrapunkt/PsychoNoir-Kontrapunkt/node_modules/semver': '/home/runner/work/PsychoNoir-Kontrapunkt/PsychoNoir-Kontrapunkt/node_modules/.semver-4hjFhQLq',
158 silly reify   '/home/runner/work/PsychoNoir-Kontrapunkt/PsychoNoir-Kontrapunkt/node_modules/.bin/semver': '/home/runner/work/PsychoNoir-Kontrapunkt/PsychoNoir-Kontrapunkt/node_modules/.bin/.semver-qPQVOeWO',
158 silly reify   '/home/runner/work/PsychoNoir-Kontrapunkt/PsychoNoir-Kontrapunkt/node_modules/source-map': '/home/runner/work/PsychoNoir-Kontrapunkt/PsychoNoir-Kontrapunkt/node_modules/.source-map-W18M2cvN',
158 silly reify   '/home/runner/work/PsychoNoir-Kontrapunkt/PsychoNoir-Kontrapunkt/node_modules/source-map-support': '/home/runner/work/PsychoNoir-Kontrapunkt/PsychoNoir-Kontrapunkt/node_modules/.source-map-support-YEf1HuvT'
158 silly reify }
159 silly audit bulk request {
159 silly audit   '@ampproject/remapping': [ '2.3.0' ],
159 silly audit   '@babel/code-frame': [ '7.27.1' ],
159 silly audit   '@babel/compat-data': [ '7.27.2' ],
159 silly audit   '@babel/core': [ '7.27.1' ],
159 silly audit   '@babel/generator': [ '7.27.1' ],
159 silly audit   '@babel/helper-compilation-targets': [ '7.27.2' ],
159 silly audit   '@babel/helper-module-imports': [ '7.27.1' ],
159 silly audit   '@babel/helper-module-transforms': [ '7.27.1' ],
159 silly audit   '@babel/helper-plugin-utils': [ '7.27.1' ],
159 silly audit   '@babel/helper-string-parser': [ '7.27.1' ],
159 silly audit   '@babel/helper-validator-identifier': [ '7.27.1' ],
159 silly audit   '@babel/helper-validator-option': [ '7.27.1' ],
159 silly audit   '@babel/helpers': [ '7.27.1' ],
159 silly audit   '@babel/parser': [ '7.27.2' ],
159 silly audit   '@babel/plugin-syntax-async-generators': [ '7.8.4' ],
159 silly audit   '@babel/plugin-syntax-bigint': [ '7.8.3' ],
159 silly audit   '@babel/plugin-syntax-class-properties': [ '7.12.13' ],
159 silly audit   '@babel/plugin-syntax-class-static-block': [ '7.14.5' ],
159 silly audit   '@babel/plugin-syntax-import-attributes': [ '7.27.1' ],
159 silly audit   '@babel/plugin-syntax-import-meta': [ '7.10.4' ],
159 silly audit   '@babel/plugin-syntax-json-strings': [ '7.8.3' ],
159 silly audit   '@babel/plugin-syntax-jsx': [ '7.27.1' ],
159 silly audit   '@babel/plugin-syntax-logical-assignment-operators': [ '7.10.4' ],
159 silly audit   '@babel/plugin-syntax-nullish-coalescing-operator': [ '7.8.3' ],
159 silly audit   '@babel/plugin-syntax-numeric-separator': [ '7.10.4' ],
159 silly audit   '@babel/plugin-syntax-object-rest-spread': [ '7.8.3' ],
159 silly audit   '@babel/plugin-syntax-optional-catch-binding': [ '7.8.3' ],
159 silly audit   '@babel/plugin-syntax-optional-chaining': [ '7.8.3' ],
159 silly audit   '@babel/plugin-syntax-private-property-in-object': [ '7.14.5' ],
159 silly audit   '@babel/plugin-syntax-top-level-await': [ '7.14.5' ],
159 silly audit   '@babel/plugin-syntax-typescript': [ '7.27.1' ],
159 silly audit   '@babel/template': [ '7.27.2' ],
159 silly audit   '@babel/traverse': [ '7.27.1' ],
159 silly audit   '@babel/types': [ '7.27.1' ],
159 silly audit   '@bcoe/v8-coverage': [ '0.2.3' ],
159 silly audit   '@istanbuljs/load-nyc-config': [ '1.1.0' ],
159 silly audit   '@istanbuljs/schema': [ '0.1.3' ],
159 silly audit   '@jest/console': [ '29.7.0' ],
159 silly audit   '@jest/core': [ '29.7.0' ],
159 silly audit   '@jest/environment': [ '29.7.0' ],
159 silly audit   '@jest/expect': [ '29.7.0' ],
159 silly audit   '@jest/expect-utils': [ '29.7.0' ],
159 silly audit   '@jest/fake-timers': [ '29.7.0' ],
159 silly audit   '@jest/globals': [ '29.7.0' ],
159 silly audit   '@jest/reporters': [ '29.7.0' ],
159 silly audit   '@jest/schemas': [ '29.6.3' ],
159 silly audit   '@jest/source-map': [ '29.6.3' ],
159 silly audit   '@jest/test-result': [ '29.7.0' ],
159 silly audit   '@jest/test-sequencer': [ '29.7.0' ],
159 silly audit   '@jest/transform': [ '29.7.0' ],
159 silly audit   '@jest/types': [ '29.6.3' ],
159 silly audit   '@jridgewell/gen-mapping': [ '0.3.8' ],
159 silly audit   '@jridgewell/resolve-uri': [ '3.1.2' ],
159 silly audit   '@jridgewell/set-array': [ '1.2.1' ],
159 silly audit   '@jridgewell/sourcemap-codec': [ '1.5.0' ],
159 silly audit   '@jridgewell/trace-mapping': [ '0.3.25' ],
159 silly audit   '@sinclair/typebox': [ '0.27.8' ],
159 silly audit   '@sinonjs/commons': [ '3.0.1' ],
159 silly audit   '@sinonjs/fake-timers': [ '10.3.0' ],
159 silly audit   '@types/babel__core': [ '7.20.5' ],
159 silly audit   '@types/babel__generator': [ '7.27.0' ],
159 silly audit   '@types/babel__template': [ '7.4.4' ],
159 silly audit   '@types/babel__traverse': [ '7.20.7' ],
159 silly audit   '@types/graceful-fs': [ '4.1.9' ],
159 silly audit   '@types/istanbul-lib-coverage': [ '2.0.6' ],
159 silly audit   '@types/istanbul-lib-report': [ '3.0.3' ],
159 silly audit   '@types/istanbul-reports': [ '3.0.4' ],
159 silly audit   '@types/node': [ '22.15.17' ],
159 silly audit   '@types/stack-utils': [ '2.0.3' ],
159 silly audit   '@types/yargs': [ '17.0.33' ],
159 silly audit   '@types/yargs-parser': [ '21.0.3' ],
159 silly audit   'ansi-styles': [ '5.2.0', '6.2.1', '4.3.0' ],
159 silly audit   anymatch: [ '3.1.3' ],
159 silly audit   'babel-jest': [ '29.7.0' ],
159 silly audit   'istanbul-lib-instrument': [ '6.0.3', '4.0.3', '5.2.1' ],
159 silly audit   'babel-plugin-jest-hoist': [ '29.6.3' ],
159 silly audit   'babel-preset-current-node-syntax': [ '1.1.0' ],
159 silly audit   'babel-preset-jest': [ '29.6.3' ],
159 silly audit   'balanced-match': [ '1.0.2' ],
159 silly audit   'brace-expansion': [ '1.1.11' ],
159 silly audit   braces: [ '3.0.3' ],
159 silly audit   browserslist: [ '4.24.5' ],
159 silly audit   bser: [ '2.1.1' ],
159 silly audit   'buffer-from': [ '1.1.2' ],
159 silly audit   callsites: [ '3.1.0' ],
159 silly audit   camelcase: [ '5.3.1', '6.3.0' ],
159 silly audit   'caniuse-lite': [ '1.0.30001717' ],
159 silly audit   chalk: [ '4.1.2' ],
159 silly audit   'char-regex': [ '1.0.2' ],
159 silly audit   'ci-info': [ '3.9.0' ],
159 silly audit   cliui: [ '8.0.1' ],
159 silly audit   co: [ '4.6.0' ],
159 silly audit   'collect-v8-coverage': [ '1.0.2' ],
159 silly audit   'color-convert': [ '2.0.1' ],
159 silly audit   'color-name': [ '1.1.4' ],
159 silly audit   'concat-map': [ '0.0.1' ],
159 silly audit   'convert-source-map': [ '2.0.0' ],
159 silly audit   'create-jest': [ '29.7.0' ],
159 silly audit   'cross-spawn': [ '7.0.6' ],
159 silly audit   debug: [ '4.4.0' ],
159 silly audit   dedent: [ '1.6.0' ],
159 silly audit   deepmerge: [ '4.3.1' ],
159 silly audit   'detect-newline': [ '3.1.0' ],
159 silly audit   'diff-sequences': [ '29.6.3' ],
159 silly audit   'electron-to-chromium': [ '1.5.152' ],
159 silly audit   emittery: [ '0.13.1' ],
159 silly audit   'emoji-regex': [ '8.0.0' ],
159 silly audit   'error-ex': [ '1.3.2' ],
159 silly audit   escalade: [ '3.2.0' ],
159 silly audit   'escape-string-regexp': [ '2.0.0' ],
159 silly audit   esprima: [ '4.0.1' ],
159 silly audit   execa: [ '5.1.1' ],
159 silly audit   exit: [ '0.1.2' ],
159 silly audit   expect: [ '29.7.0' ],
159 silly audit   'fast-json-stable-stringify': [ '2.1.0' ],
159 silly audit   'fb-watchman': [ '2.0.2' ],
159 silly audit   'fill-range': [ '7.1.1' ],
159 silly audit   'find-up': [ '4.1.0' ],
159 silly audit   'fs.realpath': [ '1.0.0' ],
159 silly audit   fsevents: [ '2.3.3' ],
159 silly audit   'function-bind': [ '1.1.2' ],
159 silly audit   gensync: [ '1.0.0-beta.2' ],
159 silly audit   'get-caller-file': [ '2.0.5' ],
159 silly audit   'get-package-type': [ '0.1.0' ],
159 silly audit   'get-stream': [ '6.0.1' ],
159 silly audit   glob: [ '7.2.3' ],
159 silly audit   globals: [ '11.12.0' ],
159 silly audit   'graceful-fs': [ '4.2.11' ],
159 silly audit   'has-flag': [ '4.0.0' ],
159 silly audit   hasown: [ '2.0.2' ],
159 silly audit   'html-escaper': [ '2.0.2' ],
159 silly audit   'human-signals': [ '2.1.0' ],
159 silly audit   'import-local': [ '3.2.0' ],
159 silly audit   imurmurhash: [ '0.1.4' ],
159 silly audit   inflight: [ '1.0.6' ],
159 silly audit   inherits: [ '2.0.4' ],
159 silly audit   'is-arrayish': [ '0.2.1' ],
159 silly audit   'is-core-module': [ '2.16.1' ],
159 silly audit   'is-fullwidth-code-point': [ '3.0.0' ],
159 silly audit   'is-generator-fn': [ '2.1.0' ],
159 silly audit   'is-number': [ '7.0.0' ],
159 silly audit   'is-stream': [ '2.0.1' ],
159 silly audit   isexe: [ '2.0.0' ],
159 silly audit   'istanbul-lib-coverage': [ '3.2.2' ],
159 silly audit   semver: [ '7.7.2', '7.6.2', '6.3.1' ],
159 silly audit   'istanbul-lib-report': [ '3.0.1' ],
159 silly audit   'istanbul-lib-source-maps': [ '4.0.1' ],
159 silly audit   'istanbul-reports': [ '3.1.7' ],
159 silly audit   jest: [ '29.7.0' ],
159 silly audit   'jest-changed-files': [ '29.7.0' ],
159 silly audit   'jest-circus': [ '29.7.0' ],
159 silly audit   'jest-cli': [ '29.7.0' ],
159 silly audit   'jest-config': [ '29.7.0' ],
159 silly audit   'jest-diff': [ '29.7.0' ],
159 silly audit   'jest-docblock': [ '29.7.0' ],
159 silly audit   'jest-each': [ '29.7.0' ],
159 silly audit   'jest-environment-node': [ '29.7.0' ],
159 silly audit   'jest-get-type': [ '29.6.3' ],
159 silly audit   'jest-haste-map': [ '29.7.0' ],
159 silly audit   'jest-leak-detector': [ '29.7.0' ],
159 silly audit   'jest-matcher-utils': [ '29.7.0' ],
159 silly audit   'jest-message-util': [ '29.7.0' ],
159 silly audit   'jest-mock': [ '29.7.0' ],
159 silly audit   'jest-pnp-resolver': [ '1.2.3' ],
159 silly audit   'jest-regex-util': [ '29.6.3' ],
159 silly audit   'jest-resolve': [ '29.7.0' ],
159 silly audit   'jest-resolve-dependencies': [ '29.7.0' ],
159 silly audit   'jest-runner': [ '29.7.0' ],
159 silly audit   'jest-runtime': [ '29.7.0' ],
159 silly audit   'jest-snapshot': [ '29.7.0' ],
159 silly audit   'jest-util': [ '29.7.0' ],
159 silly audit   'jest-validate': [ '29.7.0' ],
159 silly audit   'jest-watcher': [ '29.7.0' ],
159 silly audit   'jest-worker': [ '29.7.0' ],
159 silly audit   'supports-color': [ '8.1.1', '7.2.0' ],
159 silly audit   'js-tokens': [ '4.0.0' ],
159 silly audit   'js-yaml': [ '3.14.1' ],
159 silly audit   jsesc: [ '3.1.0' ],
159 silly audit   'json-parse-even-better-errors': [ '2.3.1' ],
159 silly audit   json5: [ '2.2.3' ],
159 silly audit   kleur: [ '3.0.3' ],
159 silly audit   leven: [ '3.1.0' ],
159 silly audit   'lines-and-columns': [ '1.2.4' ],
159 silly audit   'locate-path': [ '5.0.0' ],
159 silly audit   'make-dir': [ '4.0.0' ],
159 silly audit   makeerror: [ '1.0.12' ],
159 silly audit   'merge-stream': [ '2.0.0' ],
159 silly audit   micromatch: [ '4.0.8' ],
159 silly audit   'mimic-fn': [ '2.1.0' ],
159 silly audit   minimatch: [ '3.1.2' ],
159 silly audit   ms: [ '2.1.3' ],
159 silly audit   'natural-compare': [ '1.4.0' ],
159 silly audit   'node-int64': [ '0.4.0' ],
159 silly audit   'node-releases': [ '2.0.19' ],
159 silly audit   'normalize-path': [ '3.0.0' ],
159 silly audit   'npm-run-path': [ '4.0.1' ],
159 silly audit   once: [ '1.4.0' ],
159 silly audit   onetime: [ '5.1.2' ],
159 silly audit   'p-limit': [ '3.1.0', '2.3.0' ],
159 silly audit   'p-locate': [ '4.1.0' ],
159 silly audit   'p-try': [ '2.2.0' ],
159 silly audit   'parse-json': [ '5.2.0' ],
159 silly audit   'path-exists': [ '4.0.0' ],
159 silly audit   'path-is-absolute': [ '1.0.1' ],
159 silly audit   'path-key': [ '3.1.1' ],
159 silly audit   'path-parse': [ '1.0.7' ],
159 silly audit   picocolors: [ '1.1.1' ],
159 silly audit   picomatch: [ '2.3.1' ],
159 silly audit   pirates: [ '4.0.7' ],
159 silly audit   'pkg-dir': [ '4.2.0' ],
159 silly audit   'pretty-format': [ '29.7.0' ],
159 silly audit   prompts: [ '2.4.2' ],
159 silly audit   'pure-rand': [ '6.1.0' ],
159 silly audit   'react-is': [ '18.3.1' ],
159 silly audit   'require-directory': [ '2.1.1' ],
159 silly audit   resolve: [ '1.22.10' ],
159 silly audit   'resolve-cwd': [ '3.0.0' ],
159 silly audit   'resolve-from': [ '5.0.0' ],
159 silly audit   'resolve.exports': [ '2.0.3' ],
159 silly audit   'shebang-command': [ '2.0.0' ],
159 silly audit   'shebang-regex': [ '3.0.0' ],
159 silly audit   'signal-exit': [ '3.0.7' ],
159 silly audit   sisteransi: [ '1.0.5' ],
159 silly audit   slash: [ '3.0.0' ],
159 silly audit   'sprintf-js': [ '1.0.3' ],
159 silly audit   'stack-utils': [ '2.0.6' ],
159 silly audit   'string-length': [ '4.0.2' ],
159 silly audit   'string-width': [ '4.2.3' ],
159 silly audit   'strip-ansi': [ '6.0.1' ],
159 silly audit   'strip-bom': [ '4.0.0' ],
159 silly audit   'strip-final-newline': [ '2.0.0' ],
159 silly audit   'strip-json-comments': [ '3.1.1' ],
159 silly audit   'supports-preserve-symlinks-flag': [ '1.0.0' ],
159 silly audit   'test-exclude': [ '6.0.0' ],
159 silly audit   tmpl: [ '1.0.5' ],
159 silly audit   'to-regex-range': [ '5.0.1' ],
159 silly audit   'type-detect': [ '4.0.8' ],
159 silly audit   'type-fest': [ '0.21.3' ],
159 silly audit   'undici-types': [ '6.21.0' ],
159 silly audit   'update-browserslist-db': [ '1.1.3' ],
159 silly audit   'v8-to-istanbul': [ '9.3.0' ],
159 silly audit   walker: [ '1.0.8' ],
159 silly audit   which: [ '2.0.2' ],
159 silly audit   'wrap-ansi': [ '7.0.0' ],
159 silly audit   wrappy: [ '1.0.2' ],
159 silly audit   'write-file-atomic': [ '4.0.2' ],
159 silly audit   y18n: [ '5.0.8' ],
159 silly audit   yallist: [ '3.1.1' ],
159 silly audit   yargs: [ '17.7.2' ],
159 silly audit   'yargs-parser': [ '21.1.1' ],
159 silly audit   'yocto-queue': [ '0.1.0' ],
159 silly audit   'ansi-escapes': [ '7.0.0', '4.3.2' ],
159 silly audit   'ansi-regex': [ '6.0.1', '5.0.1' ],
159 silly audit   argparse: [ '2.0.1', '1.0.10' ],
159 silly audit   'babel-plugin-istanbul': [ '6.0.0', '6.1.1' ],
159 silly audit   'cjs-module-lexer': [ '2.1.0', '1.4.3' ],
159 silly audit   'lru-cache': [ '10.3.0', '5.1.1' ],
159 silly audit   'source-map': [ '0.7.4', '0.6.1' ],
159 silly audit   'source-map-support': [ '0.5.21', '0.5.13' ],
159 silly audit   environment: [ '1.1.0' ]
159 silly audit }
160 verbose reify failed optional dependency /home/runner/work/PsychoNoir-Kontrapunkt/PsychoNoir-Kontrapunkt/node_modules/fsevents
161 silly reify mark deleted [
161 silly reify   '/home/runner/work/PsychoNoir-Kontrapunkt/PsychoNoir-Kontrapunkt/node_modules/fsevents'
161 silly reify ]
162 silly tarball no local data for environment@https://registry.npmjs.org/environment/-/environment-1.1.0.tgz. Extracting by manifest.
163 silly tarball no local data for source-map-support@https://registry.npmjs.org/source-map-support/-/source-map-support-0.5.21.tgz. Extracting by manifest.
164 silly tarball no local data for lru-cache@https://registry.npmjs.org/lru-cache/-/lru-cache-10.3.0.tgz. Extracting by manifest.
165 silly tarball no local data for semver@https://registry.npmjs.org/semver/-/semver-7.6.2.tgz. Extracting by manifest.
166 silly tarball no local data for source-map@https://registry.npmjs.org/source-map/-/source-map-0.7.4.tgz. Extracting by manifest.
167 silly tarball no local data for jest-cli@https://registry.npmjs.org/jest-cli/-/jest-cli-29.7.0.tgz. Extracting by manifest.
168 silly tarball no local data for cjs-module-lexer@https://registry.npmjs.org/cjs-module-lexer/-/cjs-module-lexer-2.1.0.tgz. Extracting by manifest.
169 silly tarball no local data for jest@https://registry.npmjs.org/jest/-/jest-29.7.0.tgz. Extracting by manifest.
170 silly tarball no local data for babel-plugin-istanbul@https://registry.npmjs.org/babel-plugin-istanbul/-/babel-plugin-istanbul-6.0.0.tgz. Extracting by manifest.
171 silly tarball no local data for argparse@https://registry.npmjs.org/argparse/-/argparse-2.0.1.tgz. Extracting by manifest.
172 silly tarball no local data for ansi-styles@https://registry.npmjs.org/ansi-styles/-/ansi-styles-6.2.1.tgz. Extracting by manifest.
173 silly tarball no local data for ansi-escapes@https://registry.npmjs.org/ansi-escapes/-/ansi-escapes-7.0.0.tgz. Extracting by manifest.
174 silly tarball no local data for ansi-regex@https://registry.npmjs.org/ansi-regex/-/ansi-regex-6.0.1.tgz. Extracting by manifest.
175 silly tarball no local data for semver@https://registry.npmjs.org/semver/-/semver-6.3.1.tgz. Extracting by manifest.
176 silly tarball no local data for istanbul-lib-instrument@https://registry.npmjs.org/istanbul-lib-instrument/-/istanbul-lib-instrument-5.2.1.tgz. Extracting by manifest.
177 silly tarball no local data for babel-plugin-istanbul@https://registry.npmjs.org/babel-plugin-istanbul/-/babel-plugin-istanbul-6.1.1.tgz. Extracting by manifest.
178 silly tarball no local data for ansi-escapes@https://registry.npmjs.org/ansi-escapes/-/ansi-escapes-4.3.2.tgz. Extracting by manifest.
179 silly tarball no local data for semver@https://registry.npmjs.org/semver/-/semver-6.3.1.tgz. Extracting by manifest.
180 silly tarball no local data for lru-cache@https://registry.npmjs.org/lru-cache/-/lru-cache-5.1.1.tgz. Extracting by manifest.
181 silly tarball no local data for semver@https://registry.npmjs.org/semver/-/semver-6.3.1.tgz. Extracting by manifest.
182 silly tarball no local data for ansi-styles@https://registry.npmjs.org/ansi-styles/-/ansi-styles-4.3.0.tgz. Extracting by manifest.
183 silly tarball no local data for ansi-regex@https://registry.npmjs.org/ansi-regex/-/ansi-regex-5.0.1.tgz. Extracting by manifest.
184 silly tarball no local data for source-map@https://registry.npmjs.org/source-map/-/source-map-0.6.1.tgz. Extracting by manifest.
185 silly tarball no local data for argparse@https://registry.npmjs.org/argparse/-/argparse-1.0.10.tgz. Extracting by manifest.
186 silly tarball no local data for ansi-escapes@https://registry.npmjs.org/ansi-escapes/-/ansi-escapes-4.3.2.tgz. Extracting by manifest.
187 silly tarball no local data for cjs-module-lexer@https://registry.npmjs.org/cjs-module-lexer/-/cjs-module-lexer-1.4.3.tgz. Extracting by manifest.
188 silly tarball no local data for source-map-support@https://registry.npmjs.org/source-map-support/-/source-map-support-0.5.13.tgz. Extracting by manifest.
189 silly tarball no local data for source-map@https://registry.npmjs.org/source-map/-/source-map-0.6.1.tgz. Extracting by manifest.
190 silly tarball no local data for source-map@https://registry.npmjs.org/source-map/-/source-map-0.6.1.tgz. Extracting by manifest.
191 silly tarball no local data for semver@https://registry.npmjs.org/semver/-/semver-6.3.1.tgz. Extracting by manifest.
192 silly tarball no local data for ansi-styles@https://registry.npmjs.org/ansi-styles/-/ansi-styles-4.3.0.tgz. Extracting by manifest.
193 silly tarball no local data for semver@https://registry.npmjs.org/semver/-/semver-6.3.1.tgz. Extracting by manifest.
194 silly tarball no local data for istanbul-lib-instrument@https://registry.npmjs.org/istanbul-lib-instrument/-/istanbul-lib-instrument-4.0.3.tgz. Extracting by manifest.
195 silly tarball no local data for istanbul-lib-instrument@https://registry.npmjs.org/istanbul-lib-instrument/-/istanbul-lib-instrument-5.2.1.tgz. Extracting by manifest.
196 silly tarball no local data for babel-plugin-istanbul@https://registry.npmjs.org/babel-plugin-istanbul/-/babel-plugin-istanbul-6.1.1.tgz. Extracting by manifest.
197 http fetch POST 200 https://registry.npmjs.org/-/npm/v1/security/advisories/bulk 199ms
198 silly audit report {
198 silly audit report   'brace-expansion': [
198 silly audit report     {
198 silly audit report       id: 1105443,
198 silly audit report       url: 'https://github.com/advisories/GHSA-v6h2-p8h4-qcjw',
198 silly audit report       title: 'brace-expansion Regular Expression Denial of Service vulnerability',
198 silly audit report       severity: 'low',
198 silly audit report       vulnerable_versions: '>=1.0.0 <=1.1.11',
198 silly audit report       cwe: [Array],
198 silly audit report       cvss: [Object]
198 silly audit report     }
198 silly audit report   ]
198 silly audit report }
199 silly packumentCache corgi:https://registry.npmjs.org/brace-expansion cache-miss
200 http fetch GET 200 https://registry.npmjs.org/source-map-support/-/source-map-support-0.5.21.tgz 327ms (cache miss)
201 http fetch GET 200 https://registry.npmjs.org/cjs-module-lexer/-/cjs-module-lexer-2.1.0.tgz 395ms (cache miss)
202 http fetch GET 200 https://registry.npmjs.org/environment/-/environment-1.1.0.tgz 450ms (cache miss)
203 http fetch GET 200 https://registry.npmjs.org/source-map/-/source-map-0.7.4.tgz 457ms (cache miss)
204 http fetch GET 200 https://registry.npmjs.org/ansi-escapes/-/ansi-escapes-7.0.0.tgz 617ms (cache miss)
205 http fetch GET 200 https://registry.npmjs.org/jest/-/jest-29.7.0.tgz 649ms (cache miss)
206 http fetch GET 200 https://registry.npmjs.org/ansi-regex/-/ansi-regex-6.0.1.tgz 647ms (cache miss)
207 http fetch GET 200 https://registry.npmjs.org/babel-plugin-istanbul/-/babel-plugin-istanbul-6.0.0.tgz 669ms (cache miss)
208 http fetch GET 200 https://registry.npmjs.org/semver/-/semver-6.3.1.tgz 680ms (cache miss)
209 http fetch GET 200 https://registry.npmjs.org/istanbul-lib-instrument/-/istanbul-lib-instrument-5.2.1.tgz 683ms (cache miss)
210 http fetch GET 200 https://registry.npmjs.org/argparse/-/argparse-2.0.1.tgz 705ms (cache miss)
211 http fetch GET 200 https://registry.npmjs.org/babel-plugin-istanbul/-/babel-plugin-istanbul-6.1.1.tgz 705ms (cache miss)
212 http fetch GET 200 https://registry.npmjs.org/semver/-/semver-7.6.2.tgz 711ms (cache miss)
213 http fetch GET 200 https://registry.npmjs.org/jest-cli/-/jest-cli-29.7.0.tgz 712ms (cache miss)
214 http fetch GET 200 https://registry.npmjs.org/lru-cache/-/lru-cache-10.3.0.tgz 716ms (cache miss)
215 http fetch GET 200 https://registry.npmjs.org/ansi-escapes/-/ansi-escapes-4.3.2.tgz 709ms (cache miss)
216 http fetch GET 200 https://registry.npmjs.org/lru-cache/-/lru-cache-5.1.1.tgz 774ms (cache miss)
217 http fetch GET 200 https://registry.npmjs.org/semver/-/semver-6.3.1.tgz 816ms (cache miss)
218 http fetch GET 200 https://registry.npmjs.org/ansi-styles/-/ansi-styles-4.3.0.tgz 886ms (cache miss)
219 http fetch GET 200 https://registry.npmjs.org/ansi-styles/-/ansi-styles-6.2.1.tgz 921ms (cache miss)
220 http fetch GET 200 https://registry.npmjs.org/source-map-support/-/source-map-support-0.5.13.tgz 907ms (cache miss)
221 http fetch GET 200 https://registry.npmjs.org/cjs-module-lexer/-/cjs-module-lexer-1.4.3.tgz 947ms (cache miss)
222 http fetch GET 200 https://registry.npmjs.org/ansi-escapes/-/ansi-escapes-4.3.2.tgz 1016ms (cache miss)
223 http fetch GET 200 https://registry.npmjs.org/argparse/-/argparse-1.0.10.tgz 1027ms (cache miss)
224 http fetch GET 200 https://registry.npmjs.org/semver/-/semver-6.3.1.tgz 1070ms (cache miss)
225 http fetch GET 200 https://registry.npmjs.org/ansi-regex/-/ansi-regex-5.0.1.tgz 1101ms (cache miss)
226 http fetch GET 200 https://registry.npmjs.org/semver/-/semver-6.3.1.tgz 1114ms (cache miss)
227 http fetch GET 200 https://registry.npmjs.org/source-map/-/source-map-0.6.1.tgz 1103ms (cache miss)
228 http fetch GET 200 https://registry.npmjs.org/istanbul-lib-instrument/-/istanbul-lib-instrument-5.2.1.tgz 1128ms (cache miss)
229 http fetch GET 200 https://registry.npmjs.org/semver/-/semver-6.3.1.tgz 1132ms (cache miss)
230 http fetch GET 200 https://registry.npmjs.org/ansi-styles/-/ansi-styles-4.3.0.tgz 1142ms (cache miss)
231 http fetch GET 200 https://registry.npmjs.org/brace-expansion 1006ms (cache miss)
232 silly packumentCache corgi:https://registry.npmjs.org/brace-expansion set size:undefined disposed:false
233 silly packumentCache corgi:https://registry.npmjs.org/minimatch cache-miss
234 http fetch GET 200 https://registry.npmjs.org/babel-plugin-istanbul/-/babel-plugin-istanbul-6.1.1.tgz 1184ms (cache miss)
235 http fetch GET 200 https://registry.npmjs.org/istanbul-lib-instrument/-/istanbul-lib-instrument-4.0.3.tgz 1193ms (cache miss)
236 http fetch GET 200 https://registry.npmjs.org/source-map/-/source-map-0.6.1.tgz 1212ms (cache miss)
237 http fetch GET 200 https://registry.npmjs.org/source-map/-/source-map-0.6.1.tgz 1223ms (cache miss)
238 http fetch GET 200 https://registry.npmjs.org/minimatch 167ms (cache miss)
239 silly packumentCache corgi:https://registry.npmjs.org/minimatch set size:undefined disposed:false
240 silly ADD node_modules/environment
241 silly ADD
242 silly ADD node_modules/@jest/transform/node_modules/semver
243 silly ADD node_modules/@jest/transform/node_modules/istanbul-lib-instrument
244 silly ADD node_modules/@jest/transform/node_modules/babel-plugin-istanbul
245 silly ADD node_modules/@jest/core/node_modules/ansi-escapes
246 silly ADD node_modules/@babel/helper-compilation-targets/node_modules/semver
247 silly ADD node_modules/@babel/helper-compilation-targets/node_modules/lru-cache
248 silly ADD node_modules/@babel/core/node_modules/semver
249 silly ADD node_modules/wrap-ansi/node_modules/ansi-styles
250 silly ADD node_modules/strip-ansi/node_modules/ansi-regex
251 silly CHANGE node_modules/source-map-support
252 silly ADD node_modules/source-map-support/node_modules/source-map
253 silly CHANGE node_modules/source-map
254 silly CHANGE node_modules/semver
255 silly CHANGE node_modules/lru-cache
256 silly ADD node_modules/js-yaml/node_modules/argparse
257 silly ADD node_modules/jest-watcher/node_modules/ansi-escapes
258 silly ADD node_modules/jest-runtime/node_modules/cjs-module-lexer
259 silly ADD node_modules/jest-runner/node_modules/source-map
260 silly ADD node_modules/jest-runner/node_modules/source-map-support
261 silly CHANGE node_modules/jest-cli
262 silly CHANGE node_modules/jest
263 silly ADD node_modules/istanbul-lib-source-maps/node_modules/source-map
264 silly CHANGE node_modules/cjs-module-lexer
265 silly ADD node_modules/chalk/node_modules/ansi-styles
266 silly CHANGE node_modules/babel-plugin-istanbul
267 silly ADD node_modules/babel-plugin-istanbul/node_modules/semver
268 silly CHANGE node_modules/babel-plugin-istanbul/node_modules/istanbul-lib-instrument
269 silly ADD node_modules/babel-jest/node_modules/semver
270 silly ADD node_modules/babel-jest/node_modules/istanbul-lib-instrument
271 silly ADD node_modules/babel-jest/node_modules/babel-plugin-istanbul
272 silly CHANGE node_modules/argparse
273 silly CHANGE node_modules/ansi-styles
274 silly CHANGE node_modules/ansi-escapes
275 silly CHANGE node_modules/ansi-regex
276 verbose cwd /home/runner/work/PsychoNoir-Kontrapunkt/PsychoNoir-Kontrapunkt
277 verbose os Linux 6.11.0-1018-azure
278 verbose node v20.19.4
279 verbose npm  v10.8.2
280 verbose exit 0
281 info ok
